DELETE symbol = ETH
Delete symbol: ETH
ЗДЕСЬ: ETH
Delete error: crypto not found
ADD input = BTC
ADD normalized = BTC
ADD input = BTC
ADD normalized = BTC
ADD input = ETH
ADD normalized = ETH
DELETE symbol = ETH
ADD input = ETH
ADD normalized = ETH
DELETE symbol = ETH
ADD input = BTC
ADD normalized = BTC
ADD input = ETH
ADD normalized = ETH
DELETE symbol = ETH
Delete error: crypto not found
ADD input = BTC
ADD normalized = BTC
ADD input = BTC
ADD normalized = BTC
ADD input = BTC
ADD normalized = BTC
ADD input = ETH
ADD normalized = ETH
DELETE symbol = ETH
Delete error: crypto not found
ADD input = BTC
ADD normalized = BTC
ADD input = BTC
ADD normalized = BTC
ADD input = ETH
ADD normalized = ETH
DELETE symbol = ETH
ADD input = BTC
ADD normalized = BTC
ADD input = BTC
ADD normalized = BTC
ADD input = BTC
ADD normalized = BTC
ADD input = ETH
ADD normalized = ETH
DELETE symbol = ETH
Delete error: crypto not found
ADD input = BTC
ADD normalized = BTC
ADD input = BTC
ADD normalized = BTC
ADD input = BTC
ADD normalized = BTC
ADD input = ETH
ADD normalized = ETH
DELETE symbol = ETH
Delete error: crypto not found
ADD input = BTC
ADD normalized = BTC
ADD input = BTC
ADD normalized = BTC
ADD input = ETH
ADD normalized = ETH
DELETE symbol = ETH
Delete error: crypto not found
ADD input = BTC
ADD normalized = BTC
ADD input = BTC
ADD normalized = BTC
ADD input = ETH
ADD normalized = ETH
DELETE symbol = ETH
ADD input = BTC
ADD normalized = BTC
ADD input = BTC
ADD normalized = BTC
ADD input = ETH
ADD normalized = ETH
DELETE symbol = ETH
ADD input = BTC
ADD normalized = BTC
ADD input = BTC
ADD normalized = BTC
ADD input = ETH
ADD normalized = ETH
ADD input = BTC
ADD normalized = BTC
ADD input = BTC
ADD normalized = BTC
ADD input = ETH
ADD normalized = ETH
ADD input = BTC
ADD normalized = BTC
ADD input = BTC
ADD normalized = BTC
ADD input = BTC
ADD normalized = BTC
ADD input = ETH
ADD normalized = ETH
DELETE symbol = ETH
Delete error: crypto not found
ADD input = BTC
ADD normalized = BTC
ADD input = BTC
ADD normalized = BTC
ADD input = BTC
ADD normalized = BTC
ADD input = ETH
ADD normalized = ETH
DELETE symbol = ETH
DELETE symbol = ETH
DELETE symbol = ETH
DELETE symbol = ETH
DELETE symbol = ETH
DELETE symbol = ETH
DELETE symbol = BTC
DELETE symbol = ETH
DELETE symbol = ETH
DELETE symbol = ETH
DELETE symbol = ETH
DELETE symbol = ETH
